should pass all kinds of assertion:
  1: |
    replicas: 1
    template:
      metadata:
        labels:
          app: with-subchart
          release: RELEASE-NAME
      spec:
        containers:
        - image: apache:latest
          imagePullPolicy: Always
          livenessProbe:
            httpGet:
              path: /
              port: 8080
          name: with-subchart
          ports:
          - containerPort: 8080
          readinessProbe:
            httpGet:
              path: /
              port: 8080
          resources: {}
