should pass all kinds of assertion for subchart:
  1: |
    template:
      metadata:
        labels:
          app: RELEASE-NAME-postgresql
      spec:
        containers:
        - env:
          - name: POSTGRES_USER
            value: postgres
          - name: PGUSER
            value: postgres
          - name: POSTGRES_DB
            value: ""
          - name: POSTGRES_INITDB_ARGS
            value: ""
          - name: PGDATA
            value: /var/lib/postgresql/data/pgdata
          - name: POSTGRES_PASSWORD
            valueFrom:
              secretKeyRef:
                key: postgres-password
                name: RELEASE-NAME-postgresql
          - name: POD_IP
            valueFrom:
              fieldRef:
                fieldPath: status.podIP
          image: postgres:9.6.2
          imagePullPolicy: ""
          livenessProbe:
            exec:
              command:
              - sh
              - -c
              - exec pg_isready --host $POD_IP
            failureThreshold: 6
            initialDelaySeconds: 60
            timeoutSeconds: 5
          name: RELEASE-NAME-postgresql
          ports:
          - containerPort: 5432
            name: postgresql
          readinessProbe:
            exec:
              command:
              - sh
              - -c
              - exec pg_isready --host $POD_IP
            initialDelaySeconds: 5
            periodSeconds: 5
            timeoutSeconds: 3
          resources:
            requests:
              cpu: 100m
              memory: 256Mi
          volumeMounts:
          - mountPath: /var/lib/postgresql/data/pgdata
            name: data
            subPath: postgresql-db
        volumes:
        - name: data
          persistentVolumeClaim:
            claimName: RELEASE-NAME-postgresql
