should fail all kinds of assertion:
  1: |
    replicas: 1
    template:
      metadata:
        labels:
          app: basic
          release: RELEASE-NAME
      spec:
        containers:
        - image: apache:latest
          imagePullPolicy: Always
          livenessProbe:
            httpGet:
              path: /
              port: 8080
          name: basic
          ports:
          - containerPort: 8080
          readinessProbe:
            httpGet:
              path: /
              port: 8080
          resources: {}
  2: |
    replicas: 1
    template:
      metadata:
        annotations:
          some_template: |
            ---
            apiVersion: ...
            this: is test for old separator workaround bug
        labels:
          app: basic
          release: RELEASE-NAME
      spec:
        containers:
        - image: apache:latest
          imagePullPolicy: Always
          name: basic
          ports:
          - containerPort: null
